     Message from routine matdyn:
     Z* not found in file mgb2666.fc, TO-LO splitting at q=0 will be absent!
     A direction for q was not specified:TO-LO splitting will be absent
